// Jest Snapshot v1, https://goo.gl/fbAQLP

exports[`e2e should test CLI 1`] = `
"Unused CSS classes were found for the following files:

src/app/app.component.html
src/app/app.component.scss
╔══════════════════════════╗
║ .test-lib-class          ║
║ .test-css-lib-load-paths ║
║ .unused                  ║
╚══════════════════════════╝
***** GLOBAL UNUSED CSS *****
***** GLOBAL UNUSED CSS *****
╔════════════════════╗
║ .i-am-global-class ║
╚════════════════════╝

"
`;
